Analysis & Synthesis report for ChipInterface
Tue Nov  5 19:12:16 2019
Quartus II 64-Bit Version 12.1 Build 177 11/07/2012 SJ Full Version


---------------------
; Table of Contents ;
---------------------
  1. Legal Notice
  2. Analysis & Synthesis Summary
  3. Analysis & Synthesis Settings
  4. Parallel Compilation
  5. Analysis & Synthesis Source Files Read
  6. Analysis & Synthesis Resource Usage Summary
  7. Analysis & Synthesis Resource Utilization by Entity
  8. Registers Removed During Synthesis
  9. General Register Statistics
 10. Multiplexer Restructuring Statistics (Restructuring Performed)
 11. Parameter Settings for User Entity Instance: vga:dut|OffsetCheck:ocpw
 12. Parameter Settings for User Entity Instance: vga:dut|OffsetCheck:ocd
 13. Parameter Settings for User Entity Instance: vga:dut|RangeCheck:colrange
 14. Parameter Settings for User Entity Instance: vga:dut|Counter:c
 15. Parameter Settings for User Entity Instance: vga:dut|Counter:col_count
 16. Parameter Settings for User Entity Instance: vga:dut|Counter:row_count
 17. Parameter Settings for User Entity Instance: vga:dut|OffsetCheck:VS_check
 18. Parameter Settings for User Entity Instance: vga:dut|OffsetCheck:clock_check
 19. Parameter Settings for User Entity Instance: vga:dut|RangeCheck:line_counter_check
 20. Parameter Settings for User Entity Instance: vga:dut|Counter:comb_15
 21. Port Connectivity Checks: "vga:dut|Counter:comb_15"
 22. Port Connectivity Checks: "vga:dut|RangeCheck:line_counter_check"
 23. Port Connectivity Checks: "vga:dut|OffsetCheck:clock_check"
 24. Port Connectivity Checks: "vga:dut|OffsetCheck:VS_check"
 25. Port Connectivity Checks: "vga:dut|Counter:row_count"
 26. Port Connectivity Checks: "vga:dut|Counter:col_count"
 27. Port Connectivity Checks: "vga:dut|Counter:c"
 28. Port Connectivity Checks: "vga:dut|RangeCheck:colrange"
 29. Port Connectivity Checks: "vga:dut|OffsetCheck:ocd"
 30. Port Connectivity Checks: "vga:dut|OffsetCheck:ocpw"
 31. Port Connectivity Checks: "vga:dut"
 32. Port Connectivity Checks: "Score:right_score"
 33. Port Connectivity Checks: "Score:left_score"
 34. Port Connectivity Checks: "Paddle:right_paddle"
 35. Port Connectivity Checks: "Paddle:left_paddle"
 36. Port Connectivity Checks: "Ball:b"
 37. Elapsed Time Per Partition
 38. Analysis & Synthesis Messages
 39. Analysis & Synthesis Suppressed Messages



----------------
; Legal Notice ;
----------------
Copyright (C) 1991-2012 Altera Corporation
Your use of Altera Corporation's design tools, logic functions 
and other software and tools, and its AMPP partner logic 
functions, and any output files from any of the foregoing 
(including device programming or simulation files), and any 
associated documentation or information are expressly subject 
to the terms and conditions of the Altera Program License 
Subscription Agreement, Altera MegaCore Function License 
Agreement, or other applicable license agreement, including, 
without limitation, that your use is for the sole purpose of 
programming logic devices manufactured by Altera and sold by 
Altera or its authorized distributors.  Please refer to the 
applicable agreement for further details.



+--------------------------------------------------------------------------------+
; Analysis & Synthesis Summary                                                   ;
+------------------------------------+-------------------------------------------+
; Analysis & Synthesis Status        ; Successful - Tue Nov  5 19:12:16 2019     ;
; Quartus II 64-Bit Version          ; 12.1 Build 177 11/07/2012 SJ Full Version ;
; Revision Name                      ; ChipInterface                             ;
; Top-level Entity Name              ; ChipInterface                             ;
; Family                             ; Cyclone IV E                              ;
; Total logic elements               ; 578                                       ;
;     Total combinational functions  ; 574                                       ;
;     Dedicated logic registers      ; 146                                       ;
; Total registers                    ; 146                                       ;
; Total pins                         ; 108                                       ;
; Total virtual pins                 ; 0                                         ;
; Total memory bits                  ; 0                                         ;
; Embedded Multiplier 9-bit elements ; 0                                         ;
; Total PLLs                         ; 0                                         ;
+------------------------------------+-------------------------------------------+


+----------------------------------------------------------------------------------------------------------------------+
; Analysis & Synthesis Settings                                                                                        ;
+----------------------------------------------------------------------------+--------------------+--------------------+
; Option                                                                     ; Setting            ; Default Value      ;
+----------------------------------------------------------------------------+--------------------+--------------------+
; Device                                                                     ; EP4CE115F29C7      ;                    ;
; Top-level entity name                                                      ; ChipInterface      ; ChipInterface      ;
; Family name                                                                ; Cyclone IV E       ; Cyclone IV GX      ;
; Use smart compilation                                                      ; Off                ; Off                ;
; Enable parallel Assembler and TimeQuest Timing Analyzer during compilation ; On                 ; On                 ;
; Enable compact report table                                                ; Off                ; Off                ;
; Restructure Multiplexers                                                   ; Auto               ; Auto               ;
; Create Debugging Nodes for IP Cores                                        ; Off                ; Off                ;
; Preserve fewer node names                                                  ; On                 ; On                 ;
; Disable OpenCore Plus hardware evaluation                                  ; Off                ; Off                ;
; Verilog Version                                                            ; Verilog_2001       ; Verilog_2001       ;
; VHDL Version                                                               ; VHDL_1993          ; VHDL_1993          ;
; State Machine Processing                                                   ; Auto               ; Auto               ;
; Safe State Machine                                                         ; Off                ; Off                ;
; Extract Verilog State Machines                                             ; On                 ; On                 ;
; Extract VHDL State Machines                                                ; On                 ; On                 ;
; Ignore Verilog initial constructs                                          ; Off                ; Off                ;
; Iteration limit for constant Verilog loops                                 ; 5000               ; 5000               ;
; Iteration limit for non-constant Verilog loops                             ; 250                ; 250                ;
; Add Pass-Through Logic to Inferred RAMs                                    ; On                 ; On                 ;
; Infer RAMs from Raw Logic                                                  ; On                 ; On                 ;
; Parallel Synthesis                                                         ; On                 ; On                 ;
; DSP Block Balancing                                                        ; Auto               ; Auto               ;
; NOT Gate Push-Back                                                         ; On                 ; On                 ;
; Power-Up Don't Care                                                        ; On                 ; On                 ;
; Remove Redundant Logic Cells                                               ; Off                ; Off                ;
; Remove Duplicate Registers                                                 ; On                 ; On                 ;
; Ignore CARRY Buffers                                                       ; Off                ; Off                ;
; Ignore CASCADE Buffers                                                     ; Off                ; Off                ;
; Ignore GLOBAL Buffers                                                      ; Off                ; Off                ;
; Ignore ROW GLOBAL Buffers                                                  ; Off                ; Off                ;
; Ignore LCELL Buffers                                                       ; Off                ; Off                ;
; Ignore SOFT Buffers                                                        ; On                 ; On                 ;
; Limit AHDL Integers to 32 Bits                                             ; Off                ; Off                ;
; Optimization Technique                                                     ; Balanced           ; Balanced           ;
; Carry Chain Length                                                         ; 70                 ; 70                 ;
; Auto Carry Chains                                                          ; On                 ; On                 ;
; Auto Open-Drain Pins                                                       ; On                 ; On                 ;
; Perform WYSIWYG Primitive Resynthesis                                      ; Off                ; Off                ;
; Auto ROM Replacement                                                       ; On                 ; On                 ;
; Auto RAM Replacement                                                       ; On                 ; On                 ;
; Auto DSP Block Replacement                                                 ; On                 ; On                 ;
; Auto Shift Register Replacement                                            ; Auto               ; Auto               ;
; Allow Shift Register Merging across Hierarchies                            ; Auto               ; Auto               ;
; Auto Clock Enable Replacement                                              ; On                 ; On                 ;
; Strict RAM Replacement                                                     ; Off                ; Off                ;
; Allow Synchronous Control Signals                                          ; On                 ; On                 ;
; Force Use of Synchronous Clear Signals                                     ; Off                ; Off                ;
; Auto RAM Block Balancing                                                   ; On                 ; On                 ;
; Auto RAM to Logic Cell Conversion                                          ; Off                ; Off                ;
; Auto Resource Sharing                                                      ; Off                ; Off                ;
; Allow Any RAM Size For Recognition                                         ; Off                ; Off                ;
; Allow Any ROM Size For Recognition                                         ; Off                ; Off                ;
; Allow Any Shift Register Size For Recognition                              ; Off                ; Off                ;
; Use LogicLock Constraints during Resource Balancing                        ; On                 ; On                 ;
; Ignore translate_off and synthesis_off directives                          ; Off                ; Off                ;
; Timing-Driven Synthesis                                                    ; On                 ; On                 ;
; Report Parameter Settings                                                  ; On                 ; On                 ;
; Report Source Assignments                                                  ; On                 ; On                 ;
; Report Connectivity Checks                                                 ; On                 ; On                 ;
; Ignore Maximum Fan-Out Assignments                                         ; Off                ; Off                ;
; Synchronization Register Chain Length                                      ; 2                  ; 2                  ;
; PowerPlay Power Optimization                                               ; Normal compilation ; Normal compilation ;
; HDL message level                                                          ; Level2             ; Level2             ;
; Suppress Register Optimization Related Messages                            ; Off                ; Off                ;
; Number of Removed Registers Reported in Synthesis Report                   ; 5000               ; 5000               ;
; Number of Swept Nodes Reported in Synthesis Report                         ; 5000               ; 5000               ;
; Number of Inverted Registers Reported in Synthesis Report                  ; 100                ; 100                ;
; Clock MUX Protection                                                       ; On                 ; On                 ;
; Auto Gated Clock Conversion                                                ; Off                ; Off                ;
; Block Design Naming                                                        ; Auto               ; Auto               ;
; SDC constraint protection                                                  ; Off                ; Off                ;
; Synthesis Effort                                                           ; Auto               ; Auto               ;
; Shift Register Replacement - Allow Asynchronous Clear Signal               ; On                 ; On                 ;
; Pre-Mapping Resynthesis Optimization                                       ; Off                ; Off                ;
; Analysis & Synthesis Message Level                                         ; Medium             ; Medium             ;
; Disable Register Merging Across Hierarchies                                ; Auto               ; Auto               ;
; Resource Aware Inference For Block RAM                                     ; On                 ; On                 ;
; Synthesis Seed                                                             ; 1                  ; 1                  ;
+----------------------------------------------------------------------------+--------------------+--------------------+


+------------------------------------------+
; Parallel Compilation                     ;
+----------------------------+-------------+
; Processors                 ; Number      ;
+----------------------------+-------------+
; Number detected on machine ; 8           ;
; Maximum allowed            ; 4           ;
;                            ;             ;
; Average used               ; 1.00        ;
; Maximum used               ; 1           ;
;                            ;             ;
; Usage by Processor         ; % Time Used ;
;     1 processor            ; 100.0%      ;
;     2-8 processors         ;   0.0%      ;
+----------------------------+-------------+


+----------------------------------------------------------------------------------------------------------------------------------------------------------+
; Analysis & Synthesis Source Files Read                                                                                                                   ;
+----------------------------------+-----------------+------------------------------+------------------------------------------------------------+---------+
; File Name with User-Entered Path ; Used in Netlist ; File Type                    ; File Name with Absolute Path                               ; Library ;
+----------------------------------+-----------------+------------------------------+------------------------------------------------------------+---------+
; Color.sv                         ; yes             ; User SystemVerilog HDL File  ; /afs/ece.cmu.edu/usr/jihoonr/Private/lab5/Color.sv         ;         ;
; Ball.sv                          ; yes             ; User SystemVerilog HDL File  ; /afs/ece.cmu.edu/usr/jihoonr/Private/lab5/Ball.sv          ;         ;
; Score.sv                         ; yes             ; User SystemVerilog HDL File  ; /afs/ece.cmu.edu/usr/jihoonr/Private/lab5/Score.sv         ;         ;
; library.sv                       ; yes             ; User SystemVerilog HDL File  ; /afs/ece.cmu.edu/usr/jihoonr/Private/lab5/library.sv       ;         ;
; Paddle.sv                        ; yes             ; User SystemVerilog HDL File  ; /afs/ece.cmu.edu/usr/jihoonr/Private/lab5/Paddle.sv        ;         ;
; ChipInterface.sv                 ; yes             ; User SystemVerilog HDL File  ; /afs/ece.cmu.edu/usr/jihoonr/Private/lab5/ChipInterface.sv ;         ;
+----------------------------------+-----------------+------------------------------+------------------------------------------------------------+---------+


+-----------------------------------------------------+
; Analysis & Synthesis Resource Usage Summary         ;
+---------------------------------------------+-------+
; Resource                                    ; Usage ;
+---------------------------------------------+-------+
; Estimated Total logic elements              ; 578   ;
;                                             ;       ;
; Total combinational functions               ; 574   ;
; Logic element usage by number of LUT inputs ;       ;
;     -- 4 input functions                    ; 187   ;
;     -- 3 input functions                    ; 184   ;
;     -- <=2 input functions                  ; 203   ;
;                                             ;       ;
; Logic elements by mode                      ;       ;
;     -- normal mode                          ; 290   ;
;     -- arithmetic mode                      ; 284   ;
;                                             ;       ;
; Total registers                             ; 146   ;
;     -- Dedicated logic registers            ; 146   ;
;     -- I/O registers                        ; 0     ;
;                                             ;       ;
; I/O pins                                    ; 108   ;
; Embedded Multiplier 9-bit elements          ; 0     ;
; Maximum fan-out                             ; 147   ;
; Total fan-out                               ; 2383  ;
; Average fan-out                             ; 2.55  ;
+---------------------------------------------+-------+


+-------------------------------------------------------------------------------------------------------------------------------------------------------------------------------------------------------------------------+
; Analysis & Synthesis Resource Utilization by Entity                                                                                                                                                                     ;
+---------------------------------------+-------------------+--------------+-------------+--------------+---------+-----------+------+--------------+------------------------------------------------------+--------------+
; Compilation Hierarchy Node            ; LC Combinationals ; LC Registers ; Memory Bits ; DSP Elements ; DSP 9x9 ; DSP 18x18 ; Pins ; Virtual Pins ; Full Hierarchy Name                                  ; Library Name ;
+---------------------------------------+-------------------+--------------+-------------+--------------+---------+-----------+------+--------------+------------------------------------------------------+--------------+
; |ChipInterface                        ; 574 (80)          ; 146 (35)     ; 0           ; 0            ; 0       ; 0         ; 108  ; 0            ; |ChipInterface                                       ;              ;
;    |Ball:b|                           ; 213 (213)         ; 24 (24)      ; 0           ; 0            ; 0       ; 0         ; 0    ; 0            ; |ChipInterface|Ball:b                                ;              ;
;    |Color:color|                      ; 4 (4)             ; 0 (0)        ; 0           ; 0            ; 0       ; 0         ; 0    ; 0            ; |ChipInterface|Color:color                           ;              ;
;    |Paddle:left_paddle|               ; 37 (37)           ; 10 (10)      ; 0           ; 0            ; 0       ; 0         ; 0    ; 0            ; |ChipInterface|Paddle:left_paddle                    ;              ;
;    |Paddle:right_paddle|              ; 36 (36)           ; 10 (10)      ; 0           ; 0            ; 0       ; 0         ; 0    ; 0            ; |ChipInterface|Paddle:right_paddle                   ;              ;
;    |Score:left_score|                 ; 54 (54)           ; 6 (6)        ; 0           ; 0            ; 0       ; 0         ; 0    ; 0            ; |ChipInterface|Score:left_score                      ;              ;
;    |Score:right_score|                ; 57 (57)           ; 6 (6)        ; 0           ; 0            ; 0       ; 0         ; 0    ; 0            ; |ChipInterface|Score:right_score                     ;              ;
;    |vga:dut|                          ; 93 (1)            ; 55 (0)       ; 0           ; 0            ; 0       ; 0         ; 0    ; 0            ; |ChipInterface|vga:dut                               ;              ;
;       |Counter:col_count|             ; 11 (11)           ; 10 (10)      ; 0           ; 0            ; 0       ; 0         ; 0    ; 0            ; |ChipInterface|vga:dut|Counter:col_count             ;              ;
;       |Counter:comb_15|               ; 20 (20)           ; 20 (20)      ; 0           ; 0            ; 0       ; 0         ; 0    ; 0            ; |ChipInterface|vga:dut|Counter:comb_15               ;              ;
;       |Counter:c|                     ; 16 (16)           ; 16 (16)      ; 0           ; 0            ; 0       ; 0         ; 0    ; 0            ; |ChipInterface|vga:dut|Counter:c                     ;              ;
;       |Counter:row_count|             ; 10 (10)           ; 9 (9)        ; 0           ; 0            ; 0       ; 0         ; 0    ; 0            ; |ChipInterface|vga:dut|Counter:row_count             ;              ;
;       |OffsetCheck:VS_check|          ; 8 (8)             ; 0 (0)        ; 0           ; 0            ; 0       ; 0         ; 0    ; 0            ; |ChipInterface|vga:dut|OffsetCheck:VS_check          ;              ;
;       |OffsetCheck:clock_check|       ; 12 (12)           ; 0 (0)        ; 0           ; 0            ; 0       ; 0         ; 0    ; 0            ; |ChipInterface|vga:dut|OffsetCheck:clock_check       ;              ;
;       |OffsetCheck:ocd|               ; 2 (2)             ; 0 (0)        ; 0           ; 0            ; 0       ; 0         ; 0    ; 0            ; |ChipInterface|vga:dut|OffsetCheck:ocd               ;              ;
;       |OffsetCheck:ocpw|              ; 4 (4)             ; 0 (0)        ; 0           ; 0            ; 0       ; 0         ; 0    ; 0            ; |ChipInterface|vga:dut|OffsetCheck:ocpw              ;              ;
;       |RangeCheck:colrange|           ; 4 (4)             ; 0 (0)        ; 0           ; 0            ; 0       ; 0         ; 0    ; 0            ; |ChipInterface|vga:dut|RangeCheck:colrange           ;              ;
;       |RangeCheck:line_counter_check| ; 5 (5)             ; 0 (0)        ; 0           ; 0            ; 0       ; 0         ; 0    ; 0            ; |ChipInterface|vga:dut|RangeCheck:line_counter_check ;              ;
+---------------------------------------+-------------------+--------------+-------------+--------------+---------+-----------+------+--------------+------------------------------------------------------+--------------+
Note: For table entries with two numbers listed, the numbers in parentheses indicate the number of resources of the given type used by the specific entity alone. The numbers listed outside of parentheses indicate the total resources of the given type used by the specific entity and all of its sub-entities in the hierarchy.


+---------------------------------------------------------------------------------+
; Registers Removed During Synthesis                                              ;
+----------------------------------------+----------------------------------------+
; Register name                          ; Reason for Removal                     ;
+----------------------------------------+----------------------------------------+
; Paddle:right_paddle|top[0,1]           ; Stuck at GND due to stuck port data_in ;
; Paddle:left_paddle|top[0,1]            ; Stuck at GND due to stuck port data_in ;
; Ball:b|left[0]                         ; Stuck at GND due to stuck port data_in ;
; vga:dut|Counter:row_count|Q[9..15]     ; Lost fanout                            ;
; vga:dut|Counter:col_count|Q[10..15]    ; Lost fanout                            ;
; Total Number of Removed Registers = 18 ;                                        ;
+----------------------------------------+----------------------------------------+


+------------------------------------------------------+
; General Register Statistics                          ;
+----------------------------------------------+-------+
; Statistic                                    ; Value ;
+----------------------------------------------+-------+
; Total registers                              ; 146   ;
; Number of registers using Synchronous Clear  ; 77    ;
; Number of registers using Synchronous Load   ; 56    ;
; Number of registers using Asynchronous Clear ; 0     ;
; Number of registers using Asynchronous Load  ; 0     ;
; Number of registers using Clock Enable       ; 96    ;
; Number of registers using Preset             ; 0     ;
+----------------------------------------------+-------+


+-------------------------------------------------------------------------------------------------------------------------------------------------------------+
; Multiplexer Restructuring Statistics (Restructuring Performed)                                                                                              ;
+--------------------+-----------+---------------+----------------------+------------------------+------------+-----------------------------------------------+
; Multiplexer Inputs ; Bus Width ; Baseline Area ; Area if Restructured ; Saving if Restructured ; Registered ; Example Multiplexer Output                    ;
+--------------------+-----------+---------------+----------------------+------------------------+------------+-----------------------------------------------+
; 3:1                ; 5 bits    ; 10 LEs        ; 5 LEs                ; 5 LEs                  ; Yes        ; |ChipInterface|Score:right_score|scoreX2[0]   ;
; 3:1                ; 5 bits    ; 10 LEs        ; 5 LEs                ; 5 LEs                  ; Yes        ; |ChipInterface|Score:left_score|scoreX2[3]    ;
; 3:1                ; 16 bits   ; 32 LEs        ; 16 LEs               ; 16 LEs                 ; Yes        ; |ChipInterface|vga:dut|Counter:col_count|Q[8] ;
; 3:1                ; 16 bits   ; 32 LEs        ; 16 LEs               ; 16 LEs                 ; Yes        ; |ChipInterface|vga:dut|Counter:row_count|Q[2] ;
; 3:1                ; 10 bits   ; 20 LEs        ; 10 LEs               ; 10 LEs                 ; Yes        ; |ChipInterface|reset_counter[6]               ;
; 4:1                ; 8 bits    ; 16 LEs        ; 8 LEs                ; 8 LEs                  ; Yes        ; |ChipInterface|Paddle:right_paddle|top[5]     ;
; 4:1                ; 8 bits    ; 16 LEs        ; 8 LEs                ; 8 LEs                  ; Yes        ; |ChipInterface|Paddle:left_paddle|top[5]      ;
; 5:1                ; 10 bits   ; 30 LEs        ; 20 LEs               ; 10 LEs                 ; Yes        ; |ChipInterface|left_score_counter[1]          ;
; 6:1                ; 10 bits   ; 40 LEs        ; 20 LEs               ; 20 LEs                 ; Yes        ; |ChipInterface|right_score_counter[5]         ;
; 7:1                ; 2 bits    ; 8 LEs         ; 6 LEs                ; 2 LEs                  ; Yes        ; |ChipInterface|Ball:b|y_dir[0]                ;
; 10:1               ; 9 bits    ; 54 LEs        ; 18 LEs               ; 36 LEs                 ; Yes        ; |ChipInterface|Ball:b|left[2]                 ;
; 10:1               ; 10 bits   ; 60 LEs        ; 20 LEs               ; 40 LEs                 ; Yes        ; |ChipInterface|Ball:b|top[0]                  ;
; 5:1                ; 2 bits    ; 6 LEs         ; 4 LEs                ; 2 LEs                  ; No         ; |ChipInterface|Score:right_score|segs[5]      ;
; 5:1                ; 2 bits    ; 6 LEs         ; 4 LEs                ; 2 LEs                  ; No         ; |ChipInterface|Score:left_score|segs[5]       ;
+--------------------+-----------+---------------+----------------------+------------------------+------------+-----------------------------------------------+


+-----------------------------------------------------------------------+
; Parameter Settings for User Entity Instance: vga:dut|OffsetCheck:ocpw ;
+----------------+-------+----------------------------------------------+
; Parameter Name ; Value ; Type                                         ;
+----------------+-------+----------------------------------------------+
; WIDTH          ; 16    ; Signed Integer                               ;
+----------------+-------+----------------------------------------------+
Note: In order to hide this table in the UI and the text report file, please set the "Show Parameter Settings in Synthesis Report" option in "Analysis and Synthesis Settings -> More Settings" to "Off".


+----------------------------------------------------------------------+
; Parameter Settings for User Entity Instance: vga:dut|OffsetCheck:ocd ;
+----------------+-------+---------------------------------------------+
; Parameter Name ; Value ; Type                                        ;
+----------------+-------+---------------------------------------------+
; WIDTH          ; 16    ; Signed Integer                              ;
+----------------+-------+---------------------------------------------+
Note: In order to hide this table in the UI and the text report file, please set the "Show Parameter Settings in Synthesis Report" option in "Analysis and Synthesis Settings -> More Settings" to "Off".


+--------------------------------------------------------------------------+
; Parameter Settings for User Entity Instance: vga:dut|RangeCheck:colrange ;
+----------------+-------+-------------------------------------------------+
; Parameter Name ; Value ; Type                                            ;
+----------------+-------+-------------------------------------------------+
; WIDTH          ; 16    ; Signed Integer                                  ;
+----------------+-------+-------------------------------------------------+
Note: In order to hide this table in the UI and the text report file, please set the "Show Parameter Settings in Synthesis Report" option in "Analysis and Synthesis Settings -> More Settings" to "Off".


+----------------------------------------------------------------+
; Parameter Settings for User Entity Instance: vga:dut|Counter:c ;
+----------------+-------+---------------------------------------+
; Parameter Name ; Value ; Type                                  ;
+----------------+-------+---------------------------------------+
; WIDTH          ; 16    ; Signed Integer                        ;
+----------------+-------+---------------------------------------+
Note: In order to hide this table in the UI and the text report file, please set the "Show Parameter Settings in Synthesis Report" option in "Analysis and Synthesis Settings -> More Settings" to "Off".


+------------------------------------------------------------------------+
; Parameter Settings for User Entity Instance: vga:dut|Counter:col_count ;
+----------------+-------+-----------------------------------------------+
; Parameter Name ; Value ; Type                                          ;
+----------------+-------+-----------------------------------------------+
; WIDTH          ; 16    ; Signed Integer                                ;
+----------------+-------+-----------------------------------------------+
Note: In order to hide this table in the UI and the text report file, please set the "Show Parameter Settings in Synthesis Report" option in "Analysis and Synthesis Settings -> More Settings" to "Off".


+------------------------------------------------------------------------+
; Parameter Settings for User Entity Instance: vga:dut|Counter:row_count ;
+----------------+-------+-----------------------------------------------+
; Parameter Name ; Value ; Type                                          ;
+----------------+-------+-----------------------------------------------+
; WIDTH          ; 16    ; Signed Integer                                ;
+----------------+-------+-----------------------------------------------+
Note: In order to hide this table in the UI and the text report file, please set the "Show Parameter Settings in Synthesis Report" option in "Analysis and Synthesis Settings -> More Settings" to "Off".


+---------------------------------------------------------------------------+
; Parameter Settings for User Entity Instance: vga:dut|OffsetCheck:VS_check ;
+----------------+-------+--------------------------------------------------+
; Parameter Name ; Value ; Type                                             ;
+----------------+-------+--------------------------------------------------+
; WIDTH          ; 20    ; Signed Integer                                   ;
+----------------+-------+--------------------------------------------------+
Note: In order to hide this table in the UI and the text report file, please set the "Show Parameter Settings in Synthesis Report" option in "Analysis and Synthesis Settings -> More Settings" to "Off".


+------------------------------------------------------------------------------+
; Parameter Settings for User Entity Instance: vga:dut|OffsetCheck:clock_check ;
+----------------+-------+-----------------------------------------------------+
; Parameter Name ; Value ; Type                                                ;
+----------------+-------+-----------------------------------------------------+
; WIDTH          ; 20    ; Signed Integer                                      ;
+----------------+-------+-----------------------------------------------------+
Note: In order to hide this table in the UI and the text report file, please set the "Show Parameter Settings in Synthesis Report" option in "Analysis and Synthesis Settings -> More Settings" to "Off".


+------------------------------------------------------------------------------------+
; Parameter Settings for User Entity Instance: vga:dut|RangeCheck:line_counter_check ;
+----------------+-------+-----------------------------------------------------------+
; Parameter Name ; Value ; Type                                                      ;
+----------------+-------+-----------------------------------------------------------+
; WIDTH          ; 20    ; Signed Integer                                            ;
+----------------+-------+-----------------------------------------------------------+
Note: In order to hide this table in the UI and the text report file, please set the "Show Parameter Settings in Synthesis Report" option in "Analysis and Synthesis Settings -> More Settings" to "Off".


+----------------------------------------------------------------------+
; Parameter Settings for User Entity Instance: vga:dut|Counter:comb_15 ;
+----------------+-------+---------------------------------------------+
; Parameter Name ; Value ; Type                                        ;
+----------------+-------+---------------------------------------------+
; WIDTH          ; 20    ; Signed Integer                              ;
+----------------+-------+---------------------------------------------+
Note: In order to hide this table in the UI and the text report file, please set the "Show Parameter Settings in Synthesis Report" option in "Analysis and Synthesis Settings -> More Settings" to "Off".


+------------------------------------------------------------------------------------------------------------------------------------------------------------------------------------------------------------------+
; Port Connectivity Checks: "vga:dut|Counter:comb_15"                                                                                                                                                              ;
+----------+-------+----------+------------------------------------------------------------------------------------------------------------------------------------------------------------------------------------+
; Port     ; Type  ; Severity ; Details                                                                                                                                                                            ;
+----------+-------+----------+------------------------------------------------------------------------------------------------------------------------------------------------------------------------------------+
; D        ; Input ; Info     ; Explicitly unconnected                                                                                                                                                             ;
; en       ; Input ; Warning  ; Input port expression (32 bits) is wider than the input port (1 bits) it drives.  The 31 most-significant bit(s) in the expression will be dangling if they have no other fanouts. ;
; en[-1]   ; Input ; Info     ; Stuck at VCC                                                                                                                                                                       ;
; load     ; Input ; Warning  ; Input port expression (32 bits) is wider than the input port (1 bits) it drives.  The 31 most-significant bit(s) in the expression will be dangling if they have no other fanouts. ;
; load[-1] ; Input ; Info     ; Stuck at GND                                                                                                                                                                       ;
; up       ; Input ; Warning  ; Input port expression (32 bits) is wider than the input port (1 bits) it drives.  The 31 most-significant bit(s) in the expression will be dangling if they have no other fanouts. ;
; up[-1]   ; Input ; Info     ; Stuck at VCC                                                                                                                                                                       ;
+----------+-------+----------+------------------------------------------------------------------------------------------------------------------------------------------------------------------------------------+


+-----------------------------------------------------------------------------------------------------------------------------------------------------------------------------------------------------------------------+
; Port Connectivity Checks: "vga:dut|RangeCheck:line_counter_check"                                                                                                                                                     ;
+--------------+-------+----------+-------------------------------------------------------------------------------------------------------------------------------------------------------------------------------------+
; Port         ; Type  ; Severity ; Details                                                                                                                                                                             ;
+--------------+-------+----------+-------------------------------------------------------------------------------------------------------------------------------------------------------------------------------------+
; high         ; Input ; Warning  ; Input port expression (32 bits) is wider than the input port (20 bits) it drives.  The 12 most-significant bit(s) in the expression will be dangling if they have no other fanouts. ;
; high[19..18] ; Input ; Info     ; Stuck at VCC                                                                                                                                                                        ;
; high[13..11] ; Input ; Info     ; Stuck at VCC                                                                                                                                                                        ;
; high[5..1]   ; Input ; Info     ; Stuck at VCC                                                                                                                                                                        ;
; high[17..16] ; Input ; Info     ; Stuck at GND                                                                                                                                                                        ;
; high[10..6]  ; Input ; Info     ; Stuck at GND                                                                                                                                                                        ;
; high[15]     ; Input ; Info     ; Stuck at VCC                                                                                                                                                                        ;
; high[14]     ; Input ; Info     ; Stuck at GND                                                                                                                                                                        ;
; high[0]      ; Input ; Info     ; Stuck at GND                                                                                                                                                                        ;
; low          ; Input ; Warning  ; Input port expression (32 bits) is wider than the input port (20 bits) it drives.  The 12 most-significant bit(s) in the expression will be dangling if they have no other fanouts. ;
; low[19..0]   ; Input ; Info     ; Stuck at GND                                                                                                                                                                        ;
+--------------+-------+----------+-------------------------------------------------------------------------------------------------------------------------------------------------------------------------------------+


+------------------------------------------------------------------------------------------------------------------------------------------------------------------------------------------------------------------------+
; Port Connectivity Checks: "vga:dut|OffsetCheck:clock_check"                                                                                                                                                            ;
+---------------+-------+----------+-------------------------------------------------------------------------------------------------------------------------------------------------------------------------------------+
; Port          ; Type  ; Severity ; Details                                                                                                                                                                             ;
+---------------+-------+----------+-------------------------------------------------------------------------------------------------------------------------------------------------------------------------------------+
; delta         ; Input ; Warning  ; Input port expression (32 bits) is wider than the input port (20 bits) it drives.  The 12 most-significant bit(s) in the expression will be dangling if they have no other fanouts. ;
; delta[19..18] ; Input ; Info     ; Stuck at VCC                                                                                                                                                                        ;
; delta[14..11] ; Input ; Info     ; Stuck at VCC                                                                                                                                                                        ;
; delta[7..4]   ; Input ; Info     ; Stuck at VCC                                                                                                                                                                        ;
; delta[2..0]   ; Input ; Info     ; Stuck at VCC                                                                                                                                                                        ;
; delta[17..15] ; Input ; Info     ; Stuck at GND                                                                                                                                                                        ;
; delta[10..8]  ; Input ; Info     ; Stuck at GND                                                                                                                                                                        ;
; delta[3]      ; Input ; Info     ; Stuck at GND                                                                                                                                                                        ;
; low           ; Input ; Warning  ; Input port expression (32 bits) is wider than the input port (20 bits) it drives.  The 12 most-significant bit(s) in the expression will be dangling if they have no other fanouts. ;
; low[15..14]   ; Input ; Info     ; Stuck at VCC                                                                                                                                                                        ;
; low[8..6]     ; Input ; Info     ; Stuck at VCC                                                                                                                                                                        ;
; low[19..16]   ; Input ; Info     ; Stuck at GND                                                                                                                                                                        ;
; low[13..9]    ; Input ; Info     ; Stuck at GND                                                                                                                                                                        ;
; low[5..0]     ; Input ; Info     ; Stuck at GND                                                                                                                                                                        ;
+---------------+-------+----------+-------------------------------------------------------------------------------------------------------------------------------------------------------------------------------------+


+------------------------------------------------------------------------------------------------------------------------------------------------------------------------------------------------------------------------+
; Port Connectivity Checks: "vga:dut|OffsetCheck:VS_check"                                                                                                                                                               ;
+---------------+-------+----------+-------------------------------------------------------------------------------------------------------------------------------------------------------------------------------------+
; Port          ; Type  ; Severity ; Details                                                                                                                                                                             ;
+---------------+-------+----------+-------------------------------------------------------------------------------------------------------------------------------------------------------------------------------------+
; delta         ; Input ; Warning  ; Input port expression (32 bits) is wider than the input port (20 bits) it drives.  The 12 most-significant bit(s) in the expression will be dangling if they have no other fanouts. ;
; delta[19..18] ; Input ; Info     ; Stuck at VCC                                                                                                                                                                        ;
; delta[16..15] ; Input ; Info     ; Stuck at VCC                                                                                                                                                                        ;
; delta[13..11] ; Input ; Info     ; Stuck at VCC                                                                                                                                                                        ;
; delta[9..7]   ; Input ; Info     ; Stuck at VCC                                                                                                                                                                        ;
; delta[4..0]   ; Input ; Info     ; Stuck at GND                                                                                                                                                                        ;
; delta[17]     ; Input ; Info     ; Stuck at GND                                                                                                                                                                        ;
; delta[14]     ; Input ; Info     ; Stuck at GND                                                                                                                                                                        ;
; delta[10]     ; Input ; Info     ; Stuck at GND                                                                                                                                                                        ;
; delta[6]      ; Input ; Info     ; Stuck at GND                                                                                                                                                                        ;
; delta[5]      ; Input ; Info     ; Stuck at VCC                                                                                                                                                                        ;
; low           ; Input ; Warning  ; Input port expression (32 bits) is wider than the input port (20 bits) it drives.  The 12 most-significant bit(s) in the expression will be dangling if they have no other fanouts. ;
; low[11..10]   ; Input ; Info     ; Stuck at VCC                                                                                                                                                                        ;
; low[19..12]   ; Input ; Info     ; Stuck at GND                                                                                                                                                                        ;
; low[9..8]     ; Input ; Info     ; Stuck at GND                                                                                                                                                                        ;
; low[6..0]     ; Input ; Info     ; Stuck at GND                                                                                                                                                                        ;
; low[7]        ; Input ; Info     ; Stuck at VCC                                                                                                                                                                        ;
+---------------+-------+----------+-------------------------------------------------------------------------------------------------------------------------------------------------------------------------------------+


+-------------------------------------------------------------------------------------------------------------------------------------------------------------------------------------------------------------------+
; Port Connectivity Checks: "vga:dut|Counter:row_count"                                                                                                                                                             ;
+----------+--------+----------+------------------------------------------------------------------------------------------------------------------------------------------------------------------------------------+
; Port     ; Type   ; Severity ; Details                                                                                                                                                                            ;
+----------+--------+----------+------------------------------------------------------------------------------------------------------------------------------------------------------------------------------------+
; D        ; Input  ; Info     ; Explicitly unconnected                                                                                                                                                             ;
; load     ; Input  ; Warning  ; Input port expression (32 bits) is wider than the input port (1 bits) it drives.  The 31 most-significant bit(s) in the expression will be dangling if they have no other fanouts. ;
; load[-1] ; Input  ; Info     ; Stuck at GND                                                                                                                                                                       ;
; up       ; Input  ; Warning  ; Input port expression (32 bits) is wider than the input port (1 bits) it drives.  The 31 most-significant bit(s) in the expression will be dangling if they have no other fanouts. ;
; up[-1]   ; Input  ; Info     ; Stuck at VCC                                                                                                                                                                       ;
; Q        ; Output ; Warning  ; Output or bidir port (16 bits) is wider than the port expression (9 bits) it drives; bit(s) "Q[15..9]" have no fanouts                                                             ;
+----------+--------+----------+------------------------------------------------------------------------------------------------------------------------------------------------------------------------------------+


+-------------------------------------------------------------------------------------------------------------------------------------------------------------------------------------------------------------------+
; Port Connectivity Checks: "vga:dut|Counter:col_count"                                                                                                                                                             ;
+----------+--------+----------+------------------------------------------------------------------------------------------------------------------------------------------------------------------------------------+
; Port     ; Type   ; Severity ; Details                                                                                                                                                                            ;
+----------+--------+----------+------------------------------------------------------------------------------------------------------------------------------------------------------------------------------------+
; D        ; Input  ; Info     ; Explicitly unconnected                                                                                                                                                             ;
; load     ; Input  ; Warning  ; Input port expression (32 bits) is wider than the input port (1 bits) it drives.  The 31 most-significant bit(s) in the expression will be dangling if they have no other fanouts. ;
; load[-1] ; Input  ; Info     ; Stuck at GND                                                                                                                                                                       ;
; up       ; Input  ; Info     ; Stuck at VCC                                                                                                                                                                       ;
; Q        ; Output ; Warning  ; Output or bidir port (16 bits) is wider than the port expression (10 bits) it drives; bit(s) "Q[15..10]" have no fanouts                                                           ;
+----------+--------+----------+------------------------------------------------------------------------------------------------------------------------------------------------------------------------------------+


+------------------------------------------------------------------------------------------------------------------------------------------------------------------------------------------------------------------+
; Port Connectivity Checks: "vga:dut|Counter:c"                                                                                                                                                                    ;
+----------+-------+----------+------------------------------------------------------------------------------------------------------------------------------------------------------------------------------------+
; Port     ; Type  ; Severity ; Details                                                                                                                                                                            ;
+----------+-------+----------+------------------------------------------------------------------------------------------------------------------------------------------------------------------------------------+
; D        ; Input ; Info     ; Explicitly unconnected                                                                                                                                                             ;
; en       ; Input ; Warning  ; Input port expression (32 bits) is wider than the input port (1 bits) it drives.  The 31 most-significant bit(s) in the expression will be dangling if they have no other fanouts. ;
; en[-1]   ; Input ; Info     ; Stuck at VCC                                                                                                                                                                       ;
; load     ; Input ; Warning  ; Input port expression (32 bits) is wider than the input port (1 bits) it drives.  The 31 most-significant bit(s) in the expression will be dangling if they have no other fanouts. ;
; load[-1] ; Input ; Info     ; Stuck at GND                                                                                                                                                                       ;
; up       ; Input ; Info     ; Stuck at VCC                                                                                                                                                                       ;
+----------+-------+----------+------------------------------------------------------------------------------------------------------------------------------------------------------------------------------------+


+-----------------------------------------------------------------------------------------------------------------------------------------------------------------------------------------------------------------------+
; Port Connectivity Checks: "vga:dut|RangeCheck:colrange"                                                                                                                                                               ;
+--------------+-------+----------+-------------------------------------------------------------------------------------------------------------------------------------------------------------------------------------+
; Port         ; Type  ; Severity ; Details                                                                                                                                                                             ;
+--------------+-------+----------+-------------------------------------------------------------------------------------------------------------------------------------------------------------------------------------+
; high         ; Input ; Warning  ; Input port expression (32 bits) is wider than the input port (16 bits) it drives.  The 16 most-significant bit(s) in the expression will be dangling if they have no other fanouts. ;
; high[10..9]  ; Input ; Info     ; Stuck at VCC                                                                                                                                                                        ;
; high[5..1]   ; Input ; Info     ; Stuck at VCC                                                                                                                                                                        ;
; high[15..11] ; Input ; Info     ; Stuck at GND                                                                                                                                                                        ;
; high[8..6]   ; Input ; Info     ; Stuck at GND                                                                                                                                                                        ;
; high[0]      ; Input ; Info     ; Stuck at GND                                                                                                                                                                        ;
; low          ; Input ; Warning  ; Input port expression (32 bits) is wider than the input port (16 bits) it drives.  The 16 most-significant bit(s) in the expression will be dangling if they have no other fanouts. ;
; low[15..0]   ; Input ; Info     ; Stuck at GND                                                                                                                                                                        ;
+--------------+-------+----------+-------------------------------------------------------------------------------------------------------------------------------------------------------------------------------------+


+------------------------------------------------------------------------------------------------------------------------------------------------------------------------------------------------------------------------+
; Port Connectivity Checks: "vga:dut|OffsetCheck:ocd"                                                                                                                                                                    ;
+---------------+-------+----------+-------------------------------------------------------------------------------------------------------------------------------------------------------------------------------------+
; Port          ; Type  ; Severity ; Details                                                                                                                                                                             ;
+---------------+-------+----------+-------------------------------------------------------------------------------------------------------------------------------------------------------------------------------------+
; delta         ; Input ; Warning  ; Input port expression (32 bits) is wider than the input port (16 bits) it drives.  The 16 most-significant bit(s) in the expression will be dangling if they have no other fanouts. ;
; delta[7..0]   ; Input ; Info     ; Stuck at VCC                                                                                                                                                                        ;
; delta[15..11] ; Input ; Info     ; Stuck at GND                                                                                                                                                                        ;
; delta[9..8]   ; Input ; Info     ; Stuck at GND                                                                                                                                                                        ;
; delta[10]     ; Input ; Info     ; Stuck at VCC                                                                                                                                                                        ;
; low           ; Input ; Warning  ; Input port expression (32 bits) is wider than the input port (16 bits) it drives.  The 16 most-significant bit(s) in the expression will be dangling if they have no other fanouts. ;
; low[15..9]    ; Input ; Info     ; Stuck at GND                                                                                                                                                                        ;
; low[7..6]     ; Input ; Info     ; Stuck at GND                                                                                                                                                                        ;
; low[4..0]     ; Input ; Info     ; Stuck at GND                                                                                                                                                                        ;
; low[8]        ; Input ; Info     ; Stuck at VCC                                                                                                                                                                        ;
; low[5]        ; Input ; Info     ; Stuck at VCC                                                                                                                                                                        ;
+---------------+-------+----------+-------------------------------------------------------------------------------------------------------------------------------------------------------------------------------------+


+-----------------------------------------------------------------------------------------------------------------------------------------------------------------------------------------------------------------------+
; Port Connectivity Checks: "vga:dut|OffsetCheck:ocpw"                                                                                                                                                                  ;
+--------------+-------+----------+-------------------------------------------------------------------------------------------------------------------------------------------------------------------------------------+
; Port         ; Type  ; Severity ; Details                                                                                                                                                                             ;
+--------------+-------+----------+-------------------------------------------------------------------------------------------------------------------------------------------------------------------------------------+
; delta        ; Input ; Warning  ; Input port expression (32 bits) is wider than the input port (16 bits) it drives.  The 16 most-significant bit(s) in the expression will be dangling if they have no other fanouts. ;
; delta[5..0]  ; Input ; Info     ; Stuck at VCC                                                                                                                                                                        ;
; delta[15..8] ; Input ; Info     ; Stuck at GND                                                                                                                                                                        ;
; delta[7]     ; Input ; Info     ; Stuck at VCC                                                                                                                                                                        ;
; delta[6]     ; Input ; Info     ; Stuck at GND                                                                                                                                                                        ;
; low          ; Input ; Warning  ; Input port expression (32 bits) is wider than the input port (16 bits) it drives.  The 16 most-significant bit(s) in the expression will be dangling if they have no other fanouts. ;
; low[15..0]   ; Input ; Info     ; Stuck at GND                                                                                                                                                                        ;
+--------------+-------+----------+-------------------------------------------------------------------------------------------------------------------------------------------------------------------------------------+


+-------------------------------------------------------------------------------------------------------------------------------------------------------------------------------------------------------------------+
; Port Connectivity Checks: "vga:dut"                                                                                                                                                                               ;
+-----------+-------+----------+------------------------------------------------------------------------------------------------------------------------------------------------------------------------------------+
; Port      ; Type  ; Severity ; Details                                                                                                                                                                            ;
+-----------+-------+----------+------------------------------------------------------------------------------------------------------------------------------------------------------------------------------------+
; reset     ; Input ; Warning  ; Input port expression (32 bits) is wider than the input port (1 bits) it drives.  The 31 most-significant bit(s) in the expression will be dangling if they have no other fanouts. ;
; reset[-1] ; Input ; Info     ; Stuck at GND                                                                                                                                                                       ;
+-----------+-------+----------+------------------------------------------------------------------------------------------------------------------------------------------------------------------------------------+


+----------------------------------------------------------------------------------------------------------------------------------------------------------------------------------------------------------------------+
; Port Connectivity Checks: "Score:right_score"                                                                                                                                                                        ;
+------------+--------+----------+-------------------------------------------------------------------------------------------------------------------------------------------------------------------------------------+
; Port       ; Type   ; Severity ; Details                                                                                                                                                                             ;
+------------+--------+----------+-------------------------------------------------------------------------------------------------------------------------------------------------------------------------------------+
; row        ; Input  ; Warning  ; Input port expression (9 bits) is smaller than the input port (10 bits) it drives.  Extra input bit(s) "row[9..9]" will be connected to GND.                                        ;
; top        ; Input  ; Warning  ; Input port expression (32 bits) is wider than the input port (10 bits) it drives.  The 22 most-significant bit(s) in the expression will be dangling if they have no other fanouts. ;
; top[9..5]  ; Input  ; Info     ; Stuck at GND                                                                                                                                                                        ;
; top[3..0]  ; Input  ; Info     ; Stuck at GND                                                                                                                                                                        ;
; top[4]     ; Input  ; Info     ; Stuck at VCC                                                                                                                                                                        ;
; left       ; Input  ; Warning  ; Input port expression (32 bits) is wider than the input port (10 bits) it drives.  The 22 most-significant bit(s) in the expression will be dangling if they have no other fanouts. ;
; left[5..4] ; Input  ; Info     ; Stuck at GND                                                                                                                                                                        ;
; left[2..0] ; Input  ; Info     ; Stuck at GND                                                                                                                                                                        ;
; left[9]    ; Input  ; Info     ; Stuck at GND                                                                                                                                                                        ;
; left[8]    ; Input  ; Info     ; Stuck at VCC                                                                                                                                                                        ;
; left[7]    ; Input  ; Info     ; Stuck at GND                                                                                                                                                                        ;
; left[6]    ; Input  ; Info     ; Stuck at VCC                                                                                                                                                                        ;
; left[3]    ; Input  ; Info     ; Stuck at VCC                                                                                                                                                                        ;
; score      ; Output ; Warning  ; Declared by entity but not connected by instance. Logic that only feeds a dangling port will be removed.                                                                            ;
+------------+--------+----------+-------------------------------------------------------------------------------------------------------------------------------------------------------------------------------------+


+----------------------------------------------------------------------------------------------------------------------------------------------------------------------------------------------------------------------+
; Port Connectivity Checks: "Score:left_score"                                                                                                                                                                         ;
+------------+--------+----------+-------------------------------------------------------------------------------------------------------------------------------------------------------------------------------------+
; Port       ; Type   ; Severity ; Details                                                                                                                                                                             ;
+------------+--------+----------+-------------------------------------------------------------------------------------------------------------------------------------------------------------------------------------+
; row        ; Input  ; Warning  ; Input port expression (9 bits) is smaller than the input port (10 bits) it drives.  Extra input bit(s) "row[9..9]" will be connected to GND.                                        ;
; top        ; Input  ; Warning  ; Input port expression (32 bits) is wider than the input port (10 bits) it drives.  The 22 most-significant bit(s) in the expression will be dangling if they have no other fanouts. ;
; top[9..5]  ; Input  ; Info     ; Stuck at GND                                                                                                                                                                        ;
; top[3..0]  ; Input  ; Info     ; Stuck at GND                                                                                                                                                                        ;
; top[4]     ; Input  ; Info     ; Stuck at VCC                                                                                                                                                                        ;
; left       ; Input  ; Warning  ; Input port expression (32 bits) is wider than the input port (10 bits) it drives.  The 22 most-significant bit(s) in the expression will be dangling if they have no other fanouts. ;
; left[4..3] ; Input  ; Info     ; Stuck at VCC                                                                                                                                                                        ;
; left[7..5] ; Input  ; Info     ; Stuck at GND                                                                                                                                                                        ;
; left[2..0] ; Input  ; Info     ; Stuck at GND                                                                                                                                                                        ;
; left[9]    ; Input  ; Info     ; Stuck at GND                                                                                                                                                                        ;
; left[8]    ; Input  ; Info     ; Stuck at VCC                                                                                                                                                                        ;
; score      ; Output ; Warning  ; Declared by entity but not connected by instance. Logic that only feeds a dangling port will be removed.                                                                            ;
+------------+--------+----------+-------------------------------------------------------------------------------------------------------------------------------------------------------------------------------------+


+------------------------------------------------------------------------------------------------------------------------------------------------------------------------------+
; Port Connectivity Checks: "Paddle:right_paddle"                                                                                                                              ;
+------------+-------+----------+----------------------------------------------------------------------------------------------------------------------------------------------+
; Port       ; Type  ; Severity ; Details                                                                                                                                      ;
+------------+-------+----------+----------------------------------------------------------------------------------------------------------------------------------------------+
; left[8..7] ; Input ; Info     ; Stuck at GND                                                                                                                                 ;
; left[5..1] ; Input ; Info     ; Stuck at GND                                                                                                                                 ;
; left[9]    ; Input ; Info     ; Stuck at VCC                                                                                                                                 ;
; left[6]    ; Input ; Info     ; Stuck at VCC                                                                                                                                 ;
; left[0]    ; Input ; Info     ; Stuck at VCC                                                                                                                                 ;
; row        ; Input ; Warning  ; Input port expression (9 bits) is smaller than the input port (10 bits) it drives.  Extra input bit(s) "row[9..9]" will be connected to GND. ;
+------------+-------+----------+----------------------------------------------------------------------------------------------------------------------------------------------+


+------------------------------------------------------------------------------------------------------------------------------------------------------------------------------+
; Port Connectivity Checks: "Paddle:left_paddle"                                                                                                                               ;
+------------+-------+----------+----------------------------------------------------------------------------------------------------------------------------------------------+
; Port       ; Type  ; Severity ; Details                                                                                                                                      ;
+------------+-------+----------+----------------------------------------------------------------------------------------------------------------------------------------------+
; left[5..2] ; Input ; Info     ; Stuck at VCC                                                                                                                                 ;
; left[9..6] ; Input ; Info     ; Stuck at GND                                                                                                                                 ;
; left[1..0] ; Input ; Info     ; Stuck at GND                                                                                                                                 ;
; row        ; Input ; Warning  ; Input port expression (9 bits) is smaller than the input port (10 bits) it drives.  Extra input bit(s) "row[9..9]" will be connected to GND. ;
+------------+-------+----------+----------------------------------------------------------------------------------------------------------------------------------------------+


+-------------------------------------------------------------------------------------------------------------------------------------------------------------------------------------------------------------------------+
; Port Connectivity Checks: "Ball:b"                                                                                                                                                                                      ;
+------------------+-------+----------+-----------------------------------------------------------------------------------------------------------------------------------------------------------------------------------+
; Port             ; Type  ; Severity ; Details                                                                                                                                                                           ;
+------------------+-------+----------+-----------------------------------------------------------------------------------------------------------------------------------------------------------------------------------+
; left_paddle_top  ; Input ; Warning  ; Input port expression (10 bits) is wider than the input port (9 bits) it drives.  The 1 most-significant bit(s) in the expression will be dangling if they have no other fanouts. ;
; right_paddle_top ; Input ; Warning  ; Input port expression (10 bits) is wider than the input port (9 bits) it drives.  The 1 most-significant bit(s) in the expression will be dangling if they have no other fanouts. ;
+------------------+-------+----------+-----------------------------------------------------------------------------------------------------------------------------------------------------------------------------------+


+-------------------------------+
; Elapsed Time Per Partition    ;
+----------------+--------------+
; Partition Name ; Elapsed Time ;
+----------------+--------------+
; Top            ; 00:00:01     ;
+----------------+--------------+


+-------------------------------+
; Analysis & Synthesis Messages ;
+-------------------------------+
Info: *******************************************************************
Info: Running Quartus II 64-Bit Analysis & Synthesis
    Info: Version 12.1 Build 177 11/07/2012 SJ Full Version
    Info: Processing started: Tue Nov  5 19:12:13 2019
Info: Command: quartus_map --read_settings_files=on --write_settings_files=off Lab5 -c ChipInterface
Info (11104): Parallel Compilation has detected 8 hyper-threaded processors. However, the extra hyper-threaded processors will not be used by default. Parallel Compilation will use 4 of the 4 physical processors detected instead.
Info (12021): Found 1 design units, including 1 entities, in source file Color.sv
    Info (12023): Found entity 1: Color
Info (12021): Found 1 design units, including 1 entities, in source file Ball.sv
    Info (12023): Found entity 1: Ball
Info (12021): Found 1 design units, including 1 entities, in source file Score.sv
    Info (12023): Found entity 1: Score
Info (12021): Found 11 design units, including 11 entities, in source file library.sv
    Info (12023): Found entity 1: MagComp
    Info (12023): Found entity 2: Adder
    Info (12023): Found entity 3: Multiplexer
    Info (12023): Found entity 4: Mux2to1
    Info (12023): Found entity 5: Decoder
    Info (12023): Found entity 6: Register
    Info (12023): Found entity 7: Counter
    Info (12023): Found entity 8: Counter_test
    Info (12023): Found entity 9: ShiftRegister
    Info (12023): Found entity 10: BarrelShiftRegister
    Info (12023): Found entity 11: Memory
Info (12021): Found 1 design units, including 1 entities, in source file Paddle.sv
    Info (12023): Found entity 1: Paddle
Info (12021): Found 6 design units, including 6 entities, in source file ChipInterface.sv
    Info (12023): Found entity 1: RangeCheck
    Info (12023): Found entity 2: RangeCheck_test
    Info (12023): Found entity 3: OffsetCheck
    Info (12023): Found entity 4: OffsetCheck_test
    Info (12023): Found entity 5: vga
    Info (12023): Found entity 6: ChipInterface
Critical Warning (10846): Verilog HDL Instantiation warning at ChipInterface.sv(114): instance has no name
Info (12127): Elaborating entity "ChipInterface" for the top level hierarchy
Warning (10230): Verilog HDL assignment warning at ChipInterface.sv(194): truncated value with size 32 to match size of target (10)
Warning (10230): Verilog HDL assignment warning at ChipInterface.sv(201): truncated value with size 32 to match size of target (10)
Warning (10230): Verilog HDL assignment warning at ChipInterface.sv(207): truncated value with size 32 to match size of target (10)
Info (12128): Elaborating entity "Ball" for hierarchy "Ball:b"
Warning (10230): Verilog HDL assignment warning at Ball.sv(15): truncated value with size 32 to match size of target (10)
Warning (10230): Verilog HDL assignment warning at Ball.sv(16): truncated value with size 32 to match size of target (10)
Warning (10230): Verilog HDL assignment warning at Ball.sv(63): truncated value with size 32 to match size of target (10)
Warning (10230): Verilog HDL assignment warning at Ball.sv(65): truncated value with size 32 to match size of target (10)
Warning (10230): Verilog HDL assignment warning at Ball.sv(68): truncated value with size 32 to match size of target (10)
Warning (10230): Verilog HDL assignment warning at Ball.sv(70): truncated value with size 32 to match size of target (10)
Info (12128): Elaborating entity "Paddle" for hierarchy "Paddle:left_paddle"
Warning (10230): Verilog HDL assignment warning at Paddle.sv(19): truncated value with size 32 to match size of target (10)
Warning (10230): Verilog HDL assignment warning at Paddle.sv(21): truncated value with size 32 to match size of target (10)
Warning (10230): Verilog HDL assignment warning at Paddle.sv(23): truncated value with size 32 to match size of target (10)
Info (12128): Elaborating entity "Score" for hierarchy "Score:left_score"
Warning (10230): Verilog HDL assignment warning at Score.sv(23): truncated value with size 32 to match size of target (5)
Info (12128): Elaborating entity "Color" for hierarchy "Color:color"
Info (12128): Elaborating entity "vga" for hierarchy "vga:dut"
Info (12128): Elaborating entity "OffsetCheck" for hierarchy "vga:dut|OffsetCheck:ocpw"
Info (12128): Elaborating entity "RangeCheck" for hierarchy "vga:dut|RangeCheck:colrange"
Info (12128): Elaborating entity "Counter" for hierarchy "vga:dut|Counter:c"
Warning (10230): Verilog HDL assignment warning at library.sv(213): truncated value with size 32 to match size of target (16)
Warning (10230): Verilog HDL assignment warning at library.sv(215): truncated value with size 32 to match size of target (16)
Info (12128): Elaborating entity "OffsetCheck" for hierarchy "vga:dut|OffsetCheck:VS_check"
Info (12128): Elaborating entity "RangeCheck" for hierarchy "vga:dut|RangeCheck:line_counter_check"
Info (12128): Elaborating entity "Counter" for hierarchy "vga:dut|Counter:comb_15"
Warning (10230): Verilog HDL assignment warning at library.sv(213): truncated value with size 32 to match size of target (20)
Warning (10230): Verilog HDL assignment warning at library.sv(215): truncated value with size 32 to match size of target (20)
Warning (12241): 16 hierarchies have connectivity warnings - see the Connectivity Checks report folder
Warning (13024): Output pins are stuck at VCC or GND
    Warning (13410): Pin "HEX0[0]" is stuck at VCC
    Warning (13410): Pin "HEX0[1]" is stuck at VCC
    Warning (13410): Pin "HEX0[2]" is stuck at VCC
    Warning (13410): Pin "HEX0[3]" is stuck at VCC
    Warning (13410): Pin "HEX0[4]" is stuck at VCC
    Warning (13410): Pin "HEX0[5]" is stuck at VCC
    Warning (13410): Pin "HEX0[6]" is stuck at VCC
    Warning (13410): Pin "HEX1[0]" is stuck at VCC
    Warning (13410): Pin "HEX1[1]" is stuck at VCC
    Warning (13410): Pin "HEX1[2]" is stuck at VCC
    Warning (13410): Pin "HEX1[3]" is stuck at VCC
    Warning (13410): Pin "HEX1[4]" is stuck at VCC
    Warning (13410): Pin "HEX1[5]" is stuck at VCC
    Warning (13410): Pin "HEX1[6]" is stuck at VCC
    Warning (13410): Pin "HEX2[0]" is stuck at VCC
    Warning (13410): Pin "HEX2[1]" is stuck at VCC
    Warning (13410): Pin "HEX2[2]" is stuck at VCC
    Warning (13410): Pin "HEX2[3]" is stuck at VCC
    Warning (13410): Pin "HEX2[4]" is stuck at VCC
    Warning (13410): Pin "HEX2[5]" is stuck at VCC
    Warning (13410): Pin "HEX2[6]" is stuck at VCC
    Warning (13410): Pin "HEX3[0]" is stuck at VCC
    Warning (13410): Pin "HEX3[1]" is stuck at VCC
    Warning (13410): Pin "HEX3[2]" is stuck at VCC
    Warning (13410): Pin "HEX3[3]" is stuck at VCC
    Warning (13410): Pin "HEX3[4]" is stuck at VCC
    Warning (13410): Pin "HEX3[5]" is stuck at VCC
    Warning (13410): Pin "HEX3[6]" is stuck at VCC
    Warning (13410): Pin "HEX5[0]" is stuck at VCC
    Warning (13410): Pin "HEX5[1]" is stuck at VCC
    Warning (13410): Pin "HEX5[2]" is stuck at VCC
    Warning (13410): Pin "HEX5[3]" is stuck at VCC
    Warning (13410): Pin "HEX5[4]" is stuck at VCC
    Warning (13410): Pin "HEX5[5]" is stuck at VCC
    Warning (13410): Pin "HEX5[6]" is stuck at VCC
    Warning (13410): Pin "HEX7[0]" is stuck at VCC
    Warning (13410): Pin "HEX7[1]" is stuck at VCC
    Warning (13410): Pin "HEX7[2]" is stuck at VCC
    Warning (13410): Pin "HEX7[3]" is stuck at VCC
    Warning (13410): Pin "HEX7[4]" is stuck at VCC
    Warning (13410): Pin "HEX7[5]" is stuck at VCC
    Warning (13410): Pin "HEX7[6]" is stuck at VCC
    Warning (13410): Pin "VGA_SYNC_N" is stuck at VCC
Info (286030): Timing-Driven Synthesis is running
Info (17049): 13 registers lost all their fanouts during netlist optimizations.
Info (144001): Generated suppressed messages file /afs/ece.cmu.edu/usr/jihoonr/Private/lab5/output_files/ChipInterface.map.smsg
Info (16010): Generating hard_block partition "hard_block:auto_generated_inst"
    Info (16011): Adding 0 node(s), including 0 DDIO, 0 PLL, 0 transceiver and 0 LCELL
Warning (21074): Design contains 16 input pin(s) that do not drive logic
    Warning (15610): No output dependent on input pin "KEY[1]"
    Warning (15610): No output dependent on input pin "KEY[2]"
    Warning (15610): No output dependent on input pin "SW[2]"
    Warning (15610): No output dependent on input pin "SW[3]"
    Warning (15610): No output dependent on input pin "SW[4]"
    Warning (15610): No output dependent on input pin "SW[5]"
    Warning (15610): No output dependent on input pin "SW[6]"
    Warning (15610): No output dependent on input pin "SW[7]"
    Warning (15610): No output dependent on input pin "SW[8]"
    Warning (15610): No output dependent on input pin "SW[9]"
    Warning (15610): No output dependent on input pin "SW[10]"
    Warning (15610): No output dependent on input pin "SW[11]"
    Warning (15610): No output dependent on input pin "SW[12]"
    Warning (15610): No output dependent on input pin "SW[13]"
    Warning (15610): No output dependent on input pin "SW[14]"
    Warning (15610): No output dependent on input pin "SW[15]"
Info (21057): Implemented 686 device resources after synthesis - the final resource count might be different
    Info (21058): Implemented 23 input pins
    Info (21059): Implemented 85 output pins
    Info (21061): Implemented 578 logic cells
Info: Quartus II 64-Bit Analysis & Synthesis was successful. 0 errors, 80 warnings
    Info: Peak virtual memory: 652 megabytes
    Info: Processing ended: Tue Nov  5 19:12:16 2019
    Info: Elapsed time: 00:00:03
    Info: Total CPU time (on all processors): 00:00:02


+------------------------------------------+
; Analysis & Synthesis Suppressed Messages ;
+------------------------------------------+
The suppressed messages can be found in /afs/ece.cmu.edu/usr/jihoonr/Private/lab5/output_files/ChipInterface.map.smsg.


